I, [2012-01-31T22:33:13.501811 #15074]  INFO -- : listening on addr=0.0.0.0:2000 fd=5
I, [2012-01-31T22:33:13.502902 #15074]  INFO -- : worker=0 spawning...
I, [2012-01-31T22:33:13.503502 #15074]  INFO -- : worker=1 spawning...
I, [2012-01-31T22:33:13.503954 #15074]  INFO -- : worker=2 spawning...
I, [2012-01-31T22:33:13.504742 #15075]  INFO -- : worker=0 spawned pid=15075
I, [2012-01-31T22:33:13.504923 #15076]  INFO -- : worker=1 spawned pid=15076
I, [2012-01-31T22:33:13.505096 #15075]  INFO -- : Refreshing Gem list
I, [2012-01-31T22:33:13.505222 #15076]  INFO -- : Refreshing Gem list
I, [2012-01-31T22:33:13.508174 #15074]  INFO -- : master process ready
I, [2012-01-31T22:33:13.509350 #15077]  INFO -- : worker=2 spawned pid=15077
I, [2012-01-31T22:33:13.509765 #15077]  INFO -- : Refreshing Gem list
I, [2012-01-31T22:33:17.641640 #15077]  INFO -- : worker=2 ready
I, [2012-01-31T22:33:17.643233 #15075]  INFO -- : worker=0 ready
I, [2012-01-31T22:33:17.700860 #15076]  INFO -- : worker=1 ready
I, [2012-01-31T22:41:03.247714 #15074]  INFO -- : reaped #<Process::Status: pid 15077 exit 0> worker=2
I, [2012-01-31T22:41:03.247893 #15074]  INFO -- : reaped #<Process::Status: pid 15076 exit 0> worker=1
I, [2012-01-31T22:41:03.247988 #15074]  INFO -- : reaped #<Process::Status: pid 15075 exit 0> worker=0
I, [2012-01-31T22:41:03.248177 #15074]  INFO -- : master complete
I, [2012-01-31T22:44:51.754006 #15178]  INFO -- : listening on addr=0.0.0.0:2000 fd=5
I, [2012-01-31T22:44:51.755391 #15178]  INFO -- : worker=0 spawning...
I, [2012-01-31T22:44:51.756055 #15178]  INFO -- : worker=1 spawning...
I, [2012-01-31T22:44:51.756509 #15178]  INFO -- : worker=2 spawning...
I, [2012-01-31T22:44:51.756987 #15179]  INFO -- : worker=0 spawned pid=15179
I, [2012-01-31T22:44:51.757334 #15179]  INFO -- : Refreshing Gem list
I, [2012-01-31T22:44:51.757457 #15180]  INFO -- : worker=1 spawned pid=15180
I, [2012-01-31T22:44:51.757781 #15180]  INFO -- : Refreshing Gem list
I, [2012-01-31T22:44:51.760310 #15178]  INFO -- : master process ready
I, [2012-01-31T22:44:51.762060 #15181]  INFO -- : worker=2 spawned pid=15181
I, [2012-01-31T22:44:51.762408 #15181]  INFO -- : Refreshing Gem list
I, [2012-01-31T22:44:55.914830 #15180]  INFO -- : worker=1 ready
I, [2012-01-31T22:44:55.980943 #15181]  INFO -- : worker=2 ready
I, [2012-01-31T22:44:56.029933 #15179]  INFO -- : worker=0 ready
E, [2012-01-31T22:49:08.119002 #15179] ERROR -- : app error: wrong number of arguments (0 for 1) (ArgumentError)
E, [2012-01-31T22:49:08.119132 #15179] ERROR -- : /Volumes/Code/abox/app/helpers/controlling.rb:249:in `block (2 levels) in <top (required)>'
E, [2012-01-31T22:49:08.119227 #15179] ERROR -- : /Users/Dima/.rvm/gems/ruby-1.9.3-p0@custom/gems/sinatra-1.3.2/lib/sinatra/base.rb:1211:in `call'
E, [2012-01-31T22:49:08.119317 #15179] ERROR -- : /Users/Dima/.rvm/gems/ruby-1.9.3-p0@custom/gems/sinatra-1.3.2/lib/sinatra/base.rb:1211:in `block in compile!'
E, [2012-01-31T22:49:08.119407 #15179] ERROR -- : /Users/Dima/.rvm/gems/ruby-1.9.3-p0@custom/gems/sinatra-1.3.2/lib/sinatra/base.rb:822:in `[]'
E, [2012-01-31T22:49:08.119496 #15179] ERROR -- : /Users/Dima/.rvm/gems/ruby-1.9.3-p0@custom/gems/sinatra-1.3.2/lib/sinatra/base.rb:822:in `block in process_route'
E, [2012-01-31T22:49:08.119586 #15179] ERROR -- : /Users/Dima/.rvm/gems/ruby-1.9.3-p0@custom/gems/sinatra-1.3.2/lib/sinatra/base.rb:820:in `catch'
E, [2012-01-31T22:49:08.119675 #15179] ERROR -- : /Users/Dima/.rvm/gems/ruby-1.9.3-p0@custom/gems/sinatra-1.3.2/lib/sinatra/base.rb:820:in `process_route'
E, [2012-01-31T22:49:08.119764 #15179] ERROR -- : /Users/Dima/.rvm/gems/ruby-1.9.3-p0@custom/gems/sinatra-1.3.2/lib/sinatra/base.rb:920:in `error_block!'
E, [2012-01-31T22:49:08.119852 #15179] ERROR -- : /Users/Dima/.rvm/gems/ruby-1.9.3-p0@custom/gems/sinatra-1.3.2/lib/sinatra/base.rb:720:in `block in call!'
E, [2012-01-31T22:49:08.119941 #15179] ERROR -- : /Users/Dima/.rvm/gems/ruby-1.9.3-p0@custom/gems/sinatra-1.3.2/lib/sinatra/base.rb:871:in `block in invoke'
E, [2012-01-31T22:49:08.120029 #15179] ERROR -- : /Users/Dima/.rvm/gems/ruby-1.9.3-p0@custom/gems/sinatra-1.3.2/lib/sinatra/base.rb:871:in `catch'
E, [2012-01-31T22:49:08.120131 #15179] ERROR -- : /Users/Dima/.rvm/gems/ruby-1.9.3-p0@custom/gems/sinatra-1.3.2/lib/sinatra/base.rb:871:in `invoke'
E, [2012-01-31T22:49:08.120222 #15179] ERROR -- : /Users/Dima/.rvm/gems/ruby-1.9.3-p0@custom/gems/sinatra-1.3.2/lib/sinatra/base.rb:720:in `call!'
E, [2012-01-31T22:49:08.120311 #15179] ERROR -- : /Users/Dima/.rvm/gems/ruby-1.9.3-p0@custom/gems/sinatra-1.3.2/lib/sinatra/base.rb:705:in `call'
E, [2012-01-31T22:49:08.120399 #15179] ERROR -- : /Users/Dima/.rvm/gems/ruby-1.9.3-p0@custom/gems/barista-1.2.1/lib/barista/server.rb:33:in `call'
E, [2012-01-31T22:49:08.120488 #15179] ERROR -- : /Users/Dima/.rvm/gems/ruby-1.9.3-p0@custom/gems/sass-3.1.12/lib/sass/plugin/rack.rb:54:in `call'
E, [2012-01-31T22:49:08.120576 #15179] ERROR -- : /Users/Dima/.rvm/gems/ruby-1.9.3-p0@custom/gems/rack-1.4.1/lib/rack/head.rb:9:in `call'
E, [2012-01-31T22:49:08.120668 #15179] ERROR -- : /Users/Dima/.rvm/gems/ruby-1.9.3-p0@custom/gems/rack-1.4.1/lib/rack/methodoverride.rb:21:in `call'
E, [2012-01-31T22:49:08.120757 #15179] ERROR -- : /Users/Dima/.rvm/gems/ruby-1.9.3-p0@custom/gems/padrino-core-0.10.5/lib/padrino-core/logger.rb:306:in `call'
E, [2012-01-31T22:49:08.120845 #15179] ERROR -- : /Users/Dima/.rvm/gems/ruby-1.9.3-p0@custom/gems/rack-1.4.1/lib/rack/session/abstract/id.rb:205:in `context'
E, [2012-01-31T22:49:08.120933 #15179] ERROR -- : /Users/Dima/.rvm/gems/ruby-1.9.3-p0@custom/gems/rack-1.4.1/lib/rack/session/abstract/id.rb:200:in `call'
E, [2012-01-31T22:49:08.121022 #15179] ERROR -- : /Users/Dima/.rvm/gems/ruby-1.9.3-p0@custom/gems/sinatra-1.3.2/lib/sinatra/base.rb:1334:in `block in call'
E, [2012-01-31T22:49:08.121110 #15179] ERROR -- : /Users/Dima/.rvm/gems/ruby-1.9.3-p0@custom/gems/sinatra-1.3.2/lib/sinatra/base.rb:1416:in `synchronize'
E, [2012-01-31T22:49:08.121204 #15179] ERROR -- : /Users/Dima/.rvm/gems/ruby-1.9.3-p0@custom/gems/sinatra-1.3.2/lib/sinatra/base.rb:1334:in `call'
E, [2012-01-31T22:49:08.121315 #15179] ERROR -- : /Users/Dima/.rvm/gems/ruby-1.9.3-p0@custom/gems/padrino-core-0.10.5/lib/padrino-core/router.rb:83:in `block in call'
E, [2012-01-31T22:49:08.121429 #15179] ERROR -- : /Users/Dima/.rvm/gems/ruby-1.9.3-p0@custom/gems/padrino-core-0.10.5/lib/padrino-core/router.rb:76:in `each'
E, [2012-01-31T22:49:08.121524 #15179] ERROR -- : /Users/Dima/.rvm/gems/ruby-1.9.3-p0@custom/gems/padrino-core-0.10.5/lib/padrino-core/router.rb:76:in `call'
E, [2012-01-31T22:49:08.121612 #15179] ERROR -- : /Users/Dima/.rvm/gems/ruby-1.9.3-p0@custom/gems/unicorn-4.2.0/lib/unicorn/http_server.rb:530:in `process_client'
E, [2012-01-31T22:49:08.121699 #15179] ERROR -- : /Users/Dima/.rvm/gems/ruby-1.9.3-p0@custom/gems/unicorn-4.2.0/lib/unicorn/http_server.rb:604:in `worker_loop'
E, [2012-01-31T22:49:08.121786 #15179] ERROR -- : /Users/Dima/.rvm/gems/ruby-1.9.3-p0@custom/gems/unicorn-4.2.0/lib/unicorn/http_server.rb:487:in `spawn_missing_workers'
E, [2012-01-31T22:49:08.121874 #15179] ERROR -- : /Users/Dima/.rvm/gems/ruby-1.9.3-p0@custom/gems/unicorn-4.2.0/lib/unicorn/http_server.rb:137:in `start'
E, [2012-01-31T22:49:08.121961 #15179] ERROR -- : /Users/Dima/.rvm/gems/ruby-1.9.3-p0@custom/gems/unicorn-4.2.0/bin/unicorn:121:in `<top (required)>'
E, [2012-01-31T22:49:08.122049 #15179] ERROR -- : /Users/Dima/.rvm/gems/ruby-1.9.3-p0@custom/bin/unicorn:19:in `load'
E, [2012-01-31T22:49:08.122151 #15179] ERROR -- : /Users/Dima/.rvm/gems/ruby-1.9.3-p0@custom/bin/unicorn:19:in `<main>'
I, [2012-01-31T22:50:20.474123 #15178]  INFO -- : reaped #<Process::Status: pid 15181 exit 0> worker=2
I, [2012-01-31T22:50:20.474458 #15178]  INFO -- : reaped #<Process::Status: pid 15180 exit 0> worker=1
I, [2012-01-31T22:50:20.474561 #15178]  INFO -- : reaped #<Process::Status: pid 15179 exit 0> worker=0
I, [2012-01-31T22:50:20.474781 #15178]  INFO -- : master complete
